Set variable override: flycast_hle_bios = enabled
Set variable override: reicast_hle_bios = enabled
Set variable override: flycast_device_port1_slot1 = VMU
Set variable override: flycast_device_port2_slot1 = VMU
Set variable override: flycast_threaded_rendering = disabled
Set variable override: reicast_threaded_rendering = disabled
2026-10-04 20:35:27.835 Python[45827:5238246] ApplePersistenceIgnoreState: Existing state will not be touched. New state will be written to /var/folders/gz/b_ggdqsj0s9_8mxs_fyvdkym0000gn/T/org.python.python.savedState
0x8c3f2100
  8C3F2100: 00000000 00000000 3F800000 3F800000              0            0            1            1
  8C3F2110: 00000000 00000000 00000000 00000000              0            0            0            0
  8C3F2120: 3F800000 00000000 00000000 00000000              1            0            0            0
  8C3F2130: 00000000 3F800000 00000000 448EA000              0            1            0         1141
  8C3F2140: C3AF0000 448E8000 3F800000 0C3F222C           -350         1140            1    1.472e-31
  8C3F2150: 448EA000 C3AF0000 448E8000 00000000           1141         -350         1140            0
  8C3F2160: 00000000 00000000 3F800000 3F800000              0            0            1            1
  8C3F2170: 3F800000 00000001 000F0000 0C546398              1            0            0    1.636e-31
  8C3F2180: 00000000 00000000 00000000 00000000              0            0            0            0
  8C3F2190: 00000000 00000000 3F800000 3F800000              0            0            1            1
0x8c5433a0
  8C5433A0: FFFFFFFF FFFFFFFF 00000000 00000004            nan          nan            0            0
  8C5433B0: 00000000 C4CD2B2E 00000000 00000000              0        -1641            0            0
  8C5433C0: 00000000 00000000 0C546920 00000000              0            0    1.636e-31            0
  8C5433D0: 00000000 00000000 00000000 FFFFFFFF              0            0            0          nan
  8C5433E0: FFFFFFFF 00000000 00000003 448EA000            nan            0            0         1141
  8C5433F0: C3AF0000 448E8000 00000000 00000000           -350         1140            0            0
  8C543400: 00000000 0C547268 00000000 00000000              0    1.637e-31            0            0
  8C543410: 00000000 00000000 FFFFFFFF FFFFFFFF              0            0          nan          nan
  8C543420: 00000000 00000006 C45904B0 C3BCF111              0            0       -868.1       -377.9
  8C543430: 449AB591 00000000 00000E57 00000000           1238            0            0            0
0x8c28a040
  8C28A040: 448D4000 00000104 00080000 4501AFFF           1130            0            0         2075
  8C28A050: 45C00800 C51B0000 44354002 45327000           6145        -2480          725         2855
  8C28A060: 448D4000 00000104 00040000 448ABFFF           1130            0            0         1110
  8C28A070: 45B8D800 C507A000 43700006 4540D000           5915        -2170          240         3085
  8C28A080: 448E8000 00000104 00550005 45289800           1140            0            0         2698
  8C28A090: 4564F800 00000000 44A91000 42930000           3664            0         1352         73.5
  8C28A0A0: 42160020 00000104 00530005 4528A000           37.5            0            0         2698
  8C28A0B0: 45606000 00000000 44A90000 42480000           3590            0         1352           50
  8C28A0C0: 42700020 00000104 00520005 4528A800             60            0            0         2698
  8C28A0D0: 455DE000 00000000 44A8F000 42700000           3550            0         1352           60
0x8c28e120
  8C28E120: 448D4000 00000104 00080000 4501B000           1130            0            0         2075
  8C28E130: 45C00800 451B0000 44354002 45327000           6145         2480          725         2855
  8C28E140: 448D4000 00000104 00040000 448ABFFF           1130            0            0         1110
  8C28E150: 45B8D800 C507A000 43700006 4540D000           5915        -2170          240         3085
  8C28E160: 448E8000 00000104 00550005 45289800           1140            0            0         2698
  8C28E170: 4564F800 00000000 44A91000 42930000           3664            0         1352         73.5
  8C28E180: 42160020 00000104 00530005 4528A000           37.5            0            0         2698
  8C28E190: 45606000 00000000 44A90000 42480000           3590            0         1352           50
  8C28E1A0: 42700020 00000104 00520005 4528A800             60            0            0         2698
  8C28E1B0: 455DE000 00000000 44A8F000 42700000           3550            0         1352           60
DONE
libc++abi: terminating due to uncaught exception of type std::__1::system_error: mutex lock failed: Invalid argument
