Set variable override: flycast_hle_bios = enabled
Set variable override: reicast_hle_bios = enabled
Set variable override: flycast_device_port1_slot1 = VMU
Set variable override: flycast_device_port2_slot1 = VMU
Set variable override: flycast_threaded_rendering = disabled
Set variable override: reicast_threaded_rendering = disabled
2026-10-04 20:36:41.683 Python[46343:5241962] ApplePersistenceIgnoreState: Existing state will not be touched. New state will be written to /var/folders/gz/b_ggdqsj0s9_8mxs_fyvdkym0000gn/T/org.python.python.savedState
probes 21964 inside-box points 13225 displaced>1 inside box 854
final y unique (rounded): [-60.   0.   4.  57.  58.  74.  97. 122. 133. 138. 201.]
   (np.int64(200), np.int64(-1140)) -> [  192.6     0.  -1140. ] st 0.0
   (np.int64(220), np.int64(-1140)) -> [  205.9     0.  -1140. ] st 0.0
   (np.int64(240), np.int64(-1140)) -> [  225.4     0.  -1140. ] st 0.0
   (np.int64(260), np.int64(-1140)) -> [  246.8     0.  -1140. ] st 0.0
   (np.int64(280), np.int64(-1140)) -> [  269.1     0.  -1140. ] st 0.0
   (np.int64(300), np.int64(-1140)) -> [  291.2     0.  -1140. ] st 0.0
   (np.int64(320), np.int64(-1140)) -> [  313.7     0.  -1140. ] st 0.0
   (np.int64(340), np.int64(-1140)) -> [  336.7     0.  -1140. ] st 0.0
   (np.int64(320), np.int64(-1120)) -> [  319.1     0.  -1121.6] st 0.0
   (np.int64(340), np.int64(-1120)) -> [  337.5     0.  -1126.3] st 0.0
   (np.int64(360), np.int64(-1120)) -> [  358.7     0.  -1125.9] st 0.0
   (np.int64(380), np.int64(-1120)) -> [  379.9     0.  -1123.4] st 0.0
   (np.int64(200), np.int64(-1100)) -> [  186.2     0.  -1100. ] st 0.0
   (np.int64(220), np.int64(-1100)) -> [  201.6     0.  -1100. ] st 0.0
   (np.int64(240), np.int64(-1100)) -> [  220.4     0.  -1100. ] st 0.0
   (np.int64(260), np.int64(-1100)) -> [  240.1     0.  -1100. ] st 0.0
   (np.int64(280), np.int64(-1100)) -> [  260.     0. -1100.] st 0.0
   (np.int64(300), np.int64(-1100)) -> [  280.     0. -1100.] st 0.0
   (np.int64(320), np.int64(-1100)) -> [  300.     0. -1100.] st 0.0
   (np.int64(340), np.int64(-1100)) -> [  320.     0. -1100.] st 0.0
   (np.int64(360), np.int64(-1100)) -> [  340.     0. -1100.] st 0.0
   (np.int64(380), np.int64(-1100)) -> [  360.     0. -1100.] st 0.0
   (np.int64(400), np.int64(-1100)) -> [  380.     0. -1100.] st 0.0
   (np.int64(420), np.int64(-1100)) -> [  400.     0. -1100.] st 0.0
   (np.int64(440), np.int64(-1100)) -> [  420.     0. -1100.] st 0.0
   (np.int64(460), np.int64(-1100)) -> [  440.     0. -1100.] st 0.0
   (np.int64(480), np.int64(-1100)) -> [  460.     0. -1100.] st 0.0
   (np.int64(500), np.int64(-1100)) -> [  480.     0. -1100.] st 0.0
   (np.int64(520), np.int64(-1100)) -> [  500.     0. -1100.] st 0.0
   (np.int64(540), np.int64(-1100)) -> [  520.     0. -1100.] st 0.0
   (np.int64(560), np.int64(-1100)) -> [  540.     0. -1100.] st 0.0
   (np.int64(580), np.int64(-1100)) -> [  560.     0. -1100.] st 0.0
   (np.int64(600), np.int64(-1100)) -> [  580.     0. -1100.] st 0.0
   (np.int64(620), np.int64(-1100)) -> [  600.     0. -1100.] st 0.0
   (np.int64(640), np.int64(-1100)) -> [  620.     0. -1100.] st 0.0
   (np.int64(660), np.int64(-1100)) -> [  640.     0. -1100.] st 0.0
   (np.int64(680), np.int64(-1100)) -> [  660.     0. -1100.] st 0.0
   (np.int64(700), np.int64(-1100)) -> [  680.     0. -1100.] st 0.0
   (np.int64(720), np.int64(-1100)) -> [  700.     0. -1100.] st 0.0
   (np.int64(740), np.int64(-1100)) -> [  720.     0. -1100.] st 0.0
   (np.int64(760), np.int64(-1100)) -> [  740.     0. -1100.] st 0.0
   (np.int64(780), np.int64(-1100)) -> [  760.     0. -1100.] st 0.0
   (np.int64(800), np.int64(-1100)) -> [  780.     0. -1100.] st 0.0
   (np.int64(820), np.int64(-1100)) -> [  800.     0. -1100.] st 0.0
   (np.int64(840), np.int64(-1100)) -> [  820.     0. -1100.] st 0.0
   (np.int64(860), np.int64(-1100)) -> [  840.     0. -1100.] st 0.0
   (np.int64(880), np.int64(-1100)) -> [  860.     0. -1100.] st 0.0
   (np.int64(900), np.int64(-1100)) -> [  880.     0. -1100.] st 0.0
   (np.int64(920), np.int64(-1100)) -> [  900.     0. -1100.] st 0.0
   (np.int64(940), np.int64(-1100)) -> [  920.     0. -1100.] st 0.0
   (np.int64(960), np.int64(-1100)) -> [  940.     0. -1100.] st 0.0
   (np.int64(980), np.int64(-1100)) -> [  960.     0. -1100.] st 0.0
   (np.int64(1000), np.int64(-1100)) -> [  980.     0. -1100.] st 0.0
   (np.int64(1020), np.int64(-1100)) -> [ 1000.     0. -1100.] st 0.0
   (np.int64(1040), np.int64(-1100)) -> [ 1016.2     0.  -1100. ] st 0.0
   (np.int64(1060), np.int64(-1100)) -> [ 1020.1     0.  -1100. ] st 0.0
   (np.int64(1080), np.int64(-1100)) -> [ 1020.2     0.  -1100. ] st 0.0
   (np.int64(1100), np.int64(-1100)) -> [ 1020.2     0.  -1100. ] st 0.0
   (np.int64(1120), np.int64(-1100)) -> [ 1020.2     0.  -1100. ] st 0.0
   (np.int64(1140), np.int64(-1100)) -> [ 1020.3     0.  -1100. ] st 0.0
DONE
libc++abi: terminating due to uncaught exception of type std::__1::system_error: mutex lock failed: Invalid argument
