Set variable override: flycast_hle_bios = enabled
Set variable override: reicast_hle_bios = enabled
Set variable override: flycast_device_port1_slot1 = VMU
Set variable override: flycast_device_port2_slot1 = VMU
Set variable override: flycast_threaded_rendering = disabled
Set variable override: reicast_threaded_rendering = disabled
2026-10-04 20:45:25.461 Python[49689:5260391] ApplePersistenceIgnoreState: Existing state will not be touched. New state will be written to /var/folders/gz/b_ggdqsj0s9_8mxs_fyvdkym0000gn/T/org.python.python.savedState
pad #32 record
   +000: 00000000 0000FF09 0C0F18D4 0C503F04            0           0   1.102e-31   1.604e-31
   +010: 0C504764 00000000 00000001 FF000000    1.605e-31           0           0  -1.701e+38
   +020: 00000000 00000000 00000620 C47A0000            0           0           0       -1000
   +030: 00000000 C47A0000 00000000 00001555            0       -1000           0           0
   +040: 00000000 3F800000 3F800000 3F800000            0           1           1           1
   +050: 00000000 00000000 00000000 00000000            0           0           0           0
   +060: 00000000 00000000 3F5DB4E4 00000000            0           0       0.866           0
   +070: BEFFFC60 00000000 00000000 3F800000         -0.5           0           0           1
   +080: 00000000 00000000 3EFFFC60 00000000            0           0         0.5           0
   +090: 3F5DB4E4 00000000 C47A0000 00000000        0.866           0       -1000           0
   +0A0: C47A0000 3F800000 00000000 00002101        -1000           1           0           0
   +0B0: 0000000F 00000000 00000000 00000000            0           0           0           0
   +0C0: 00000000 00000001 0C3F1124 00000000            0           0   1.472e-31           0
   +0D0: 00000000 00000000 00000000 00000000            0           0           0           0
   +0E0: 00000000 00000000 00000000 00000000            0           0           0           0
   +0F0: 00000000 00000000 00000000 00000000            0           0           0           0
   +100: 00000000 00000000 00000000 00000000            0           0           0           0
   +110: 00000000 00000000 00000000 00000000            0           0           0           0
   +120: 00000000 00000000 00012503 00000040            0           0           0           0
   +130: FFFF0000 00000000 00000000 00000000          nan           0           0           0
   +140: 00000000 00000000 00000000 00000000            0           0           0           0
   +150: 00000000 00000000 00000000 00000000            0           0           0           0
   +160: 00000000 00000000 00000000 00000000            0           0           0           0
   +170: C47A0000 00000000 C47A0000 00000000        -1000           0       -1000           0
   +180: 00000000 00000000 01FF0204 00000005            0           0   9.368e-38           0
   +190: C47A0000 43960000 C47A0000 41700000        -1000         300       -1000          15
   +1A0: 43960000 00000000 00000000 00000000          300           0           0           0
   +1B0: 00000000 00000000 00000000 00000000            0           0           0           0
   +1C0: 00000000 00000000 00000000 00000000            0           0           0           0
   +1D0: 00000000 00000000 00000000 00000000            0           0           0           0
   +1E0: 00000000 00000000 00000000 00000000            0           0           0           0
   +1F0: 00000000 00000000 00000000 00000000            0           0           0           0
prop #24 record
   +000: 00000000 0000FF09 0C0F1688 00000000            0           0   1.102e-31           0
   +010: 0C5025E4 00000000 00000101 FF000000    1.604e-31           0           0  -1.701e+38
   +020: 0000FFFF 00000000 000005E0 C3FA0000            0           0           0        -500
   +030: 42C80000 447A0000 00000000 00000000          100        1000           0           0
   +040: 00000000 3F800000 3F800000 3F800000            0           1           1           1
   +050: 00000000 C0000000 00000000 00000000            0          -2           0           0
   +060: C0000000 00000000 3F800000 00000000           -2           0           1           0
   +070: 00000000 00000000 00000000 3F800000            0           0           0           1
   +080: 00000000 00000000 00000000 00000000            0           0           0           0
   +090: 3F800000 00000000 C3FA0000 42C80000            1           0        -500         100
   +0A0: 447A0000 3F800000 00000000 02012101         1000           1           0   9.487e-38
   +0B0: 0000000F 00000000 00000000 00000000            0           0           0           0
   +0C0: 00000000 00000001 0C3F15A4 00000000            0           0   1.472e-31           0
   +0D0: 00000000 00000000 00000000 00000000            0           0           0           0
   +0E0: 00000000 00000000 00000000 00000000            0           0           0           0
   +0F0: 00000000 00000000 00000000 00000000            0           0           0           0
   +100: 00000000 00000000 00000000 00000000            0           0           0           0
   +110: 00000000 00000000 00000000 00000000            0           0           0           0
   +120: 00000000 00000000 00002B03 00000040            0           0           0           0
   +130: FBFFFFFF 00000000 00000400 00000000   -2.658e+36           0           0           0
   +140: 00000000 00000000 00000000 00000000            0           0           0           0
   +150: 00000000 00000000 00000000 00000000            0           0           0           0
   +160: 00000000 41200000 00000000 00000000            0          10           0           0
   +170: C3FA0000 42C80000 447A0000 00000000         -500         100        1000           0
   +180: 41100000 00000000 02FF0206 00000000            9           0   3.747e-37           0
   +190: C3FA0000 42A00000 447A0000 425C0000         -500          80        1000          55
   +1A0: 42A00000 00000000 00FF0006 00000000           80           0   2.342e-38           0
   +1B0: C3FA0000 43170000 447A0000 42700000         -500         151        1000          60
   +1C0: 00000000 00000000 00000000 00000000            0           0           0           0
   +1D0: 00000000 00000000 00000000 00000000            0           0           0           0
   +1E0: 00000000 00000000 00000000 00000000            0           0           0           0
   +1F0: 00000000 00000000 00000000 00000000            0           0           0           0
pygame 2.6.1 (SDL 2.28.4, Python 3.11.16)
Hello from the pygame community. https://www.pygame.org/contribute.html
pad_m1000_m1000 [-850, 0, -1000]
pad_950_m850 [1100, 0, -850]
prop_m500_1000 [-350, 0, 1000]
prop_m1000_m100 [-850, 0, -100]
DONE
libc++abi: terminating due to uncaught exception of type std::__1::system_error: mutex lock failed: Invalid argument
