Set variable override: flycast_hle_bios = enabled
Set variable override: reicast_hle_bios = enabled
Set variable override: flycast_device_port1_slot1 = VMU
Set variable override: flycast_device_port2_slot1 = VMU
Set variable override: flycast_threaded_rendering = disabled
Set variable override: reicast_threaded_rendering = disabled
2026-10-04 21:45:41.043 Python[70737:5373904] ApplePersistenceIgnoreState: Existing state will not be touched. New state will be written to /var/folders/gz/b_ggdqsj0s9_8mxs_fyvdkym0000gn/T/org.python.python.savedState
(a) slot3 7200 f: clusters alive over time (every 600 f): [8, 8, 8, 8, 8, 8, 8, 8, 8, 8, 8, 8]  poles: [4, 4, 4, 4, 4, 4, 4, 4, 4, 4, 4, 4]
   CLUS @8C502A10 start (-500,1000) max displacement 1136
   CLUS @8C502E40 start (114,-900) max displacement 903
   CLUS @8C503270 start (300,-1100) max displacement 0
   CLUS @8C5036A0 start (-850,1000) max displacement 158
   CLUS @8C503AD0 start (-650,1050) max displacement 1256
   CLUS @8C503F00 start (-1000,-100) max displacement 1045
   CLUS @8C504330 start (-900,100) max displacement 29
   CLUS @8C504760 start (-1100,300) max displacement 1179
   POLE @8C504B90 start (-1000,-1000) max displacement 0
   POLE @8C504FC0 start (950,-850) max displacement 0
   POLE @8C5053F0 start (100,1000) max displacement 1061
   POLE @8C505820 start (-1050,800) max displacement 0
pygame 2.6.1 (SDL 2.28.4, Python 3.11.16)
Hello from the pygame community. https://www.pygame.org/contribute.html
(b) push: cluster now (-693, 100, 807)  P2 [-607, 0, 893]  P2 state seq [0, 1]
(b) B: cluster now (-500, 100, 1000)  P2 [-233, 0, 1140]  P2 state seq [0, 1, 0, 1]
(b) X3: cluster now (-500, 100, 1000)  P2 [-412, 0, 1088]  P2 state seq [0, 1, 0]
DONE
libc++abi: terminating due to uncaught exception of type std::__1::system_error: mutex lock failed: Invalid argument
