Set variable override: flycast_hle_bios = enabled
Set variable override: reicast_hle_bios = enabled
Set variable override: flycast_device_port1_slot1 = VMU
Set variable override: flycast_device_port2_slot1 = VMU
Set variable override: flycast_threaded_rendering = disabled
Set variable override: reicast_threaded_rendering = disabled
2026-10-04 21:14:22.199 Python[60455:5317728] ApplePersistenceIgnoreState: Existing state will not be touched. New state will be written to /var/folders/gz/b_ggdqsj0s9_8mxs_fyvdkym0000gn/T/org.python.python.savedState
baseline slot2: (6, 344.1002197265625)
poke 0x8c443837=7 every frame: (6, 344.1002197265625)
poke 0x8c445a43=7 every frame: (6, 344.1002197265625)
poke 0x8c44678f=7 every frame: (6, 344.1002197265625)
poke 0x8c446d77=7 every frame: (6, 344.1002197265625)
poke 0x8c446da3=7 every frame: (6, 344.1002197265625)
poke 0x8c448989=7 every frame: (6, 344.1002197265625)
poke 0x8c44898b=7 every frame: (6, 344.1002197265625)
poke 0x8c46335e=7 every frame: (6, 344.1002197265625)
poke 0x8c466e04=7 every frame: (6, 344.1002197265625)
poke 0x8c472ad4=7 every frame: (6, 344.1002197265625)
poke 0x8c5429ad=7 every frame: (6, 344.1002197265625)
poke 0x8c5429c8=7 every frame: (6, 344.1002197265625)
poke 0x8c5429ad+0x8c5429c8 = 0: (6, 344.1002197265625)
DONE
