rebaseline start Sun Sep 13 14:07:32 PDT 2026
rebaseline_obsv2.sh: line 14:  2306 Abort trap: 6           python eval_parity.py --core "$CORE" --game "$GAME" --slot $slot --model "$model" --episodes $per --instance $((BASE+i)) > "$out" 2>&1
rebaseline_obsv2.sh: line 14:  2328 Abort trap: 6           python eval_parity.py --core "$CORE" --game "$GAME" --slot $slot --model "$model" --episodes $per --instance $((BASE+i)) > "$out" 2>&1
rebaseline_obsv2.sh: line 14:  2368 Abort trap: 6           python eval_parity.py --core "$CORE" --game "$GAME" --slot $slot --model "$model" --episodes $per --instance $((BASE+i)) > "$out" 2>&1
rebaseline_obsv2.sh: line 14:  2324 Abort trap: 6           python eval_parity.py --core "$CORE" --game "$GAME" --slot $slot --model "$model" --episodes $per --instance $((BASE+i)) > "$out" 2>&1
rebaseline_obsv2.sh: line 14:  2320 Abort trap: 6           python eval_parity.py --core "$CORE" --game "$GAME" --slot $slot --model "$model" --episodes $per --instance $((BASE+i)) > "$out" 2>&1
rebaseline_obsv2.sh: line 14:  2380 Abort trap: 6           python eval_parity.py --core "$CORE" --game "$GAME" --slot $slot --model "$model" --episodes $per --instance $((BASE+i)) > "$out" 2>&1
rebaseline_obsv2.sh: line 14:  2376 Abort trap: 6           python eval_parity.py --core "$CORE" --game "$GAME" --slot $slot --model "$model" --episodes $per --instance $((BASE+i)) > "$out" 2>&1
rebaseline_obsv2.sh: line 14:  2360 Abort trap: 6           python eval_parity.py --core "$CORE" --game "$GAME" --slot $slot --model "$model" --episodes $per --instance $((BASE+i)) > "$out" 2>&1
rebaseline_obsv2.sh: line 14:  2353 Abort trap: 6           python eval_parity.py --core "$CORE" --game "$GAME" --slot $slot --model "$model" --episodes $per --instance $((BASE+i)) > "$out" 2>&1
rebaseline_obsv2.sh: line 14:  2372 Abort trap: 6           python eval_parity.py --core "$CORE" --game "$GAME" --slot $slot --model "$model" --episodes $per --instance $((BASE+i)) > "$out" 2>&1
merged 10 shards -> receipts/rebase_v2_leg25_slot3_out.txt: 16W/484L/0T n=500 Wilson [2-5]
rebaseline_obsv2.sh: line 14:  3370 Abort trap: 6           python eval_parity.py --core "$CORE" --game "$GAME" --slot $slot --model "$model" --episodes $per --instance $((BASE+i)) > "$out" 2>&1
rebaseline_obsv2.sh: line 14:  3352 Abort trap: 6           python eval_parity.py --core "$CORE" --game "$GAME" --slot $slot --model "$model" --episodes $per --instance $((BASE+i)) > "$out" 2>&1
rebaseline_obsv2.sh: line 14:  3358 Abort trap: 6           python eval_parity.py --core "$CORE" --game "$GAME" --slot $slot --model "$model" --episodes $per --instance $((BASE+i)) > "$out" 2>&1
rebaseline_obsv2.sh: line 14:  3343 Abort trap: 6           python eval_parity.py --core "$CORE" --game "$GAME" --slot $slot --model "$model" --episodes $per --instance $((BASE+i)) > "$out" 2>&1
rebaseline_obsv2.sh: line 14:  3393 Abort trap: 6           python eval_parity.py --core "$CORE" --game "$GAME" --slot $slot --model "$model" --episodes $per --instance $((BASE+i)) > "$out" 2>&1
rebaseline_obsv2.sh: line 14:  3397 Abort trap: 6           python eval_parity.py --core "$CORE" --game "$GAME" --slot $slot --model "$model" --episodes $per --instance $((BASE+i)) > "$out" 2>&1
rebaseline_obsv2.sh: line 14:  3356 Abort trap: 6           python eval_parity.py --core "$CORE" --game "$GAME" --slot $slot --model "$model" --episodes $per --instance $((BASE+i)) > "$out" 2>&1
rebaseline_obsv2.sh: line 14:  3403 Abort trap: 6           python eval_parity.py --core "$CORE" --game "$GAME" --slot $slot --model "$model" --episodes $per --instance $((BASE+i)) > "$out" 2>&1
rebaseline_obsv2.sh: line 14:  3408 Abort trap: 6           python eval_parity.py --core "$CORE" --game "$GAME" --slot $slot --model "$model" --episodes $per --instance $((BASE+i)) > "$out" 2>&1
rebaseline_obsv2.sh: line 14:  3401 Abort trap: 6           python eval_parity.py --core "$CORE" --game "$GAME" --slot $slot --model "$model" --episodes $per --instance $((BASE+i)) > "$out" 2>&1
merged 10 shards -> receipts/rebase_v2_leg25_slot2_out.txt: 220W/30L/0T n=250 Wilson [83-91]
rebaseline_obsv2.sh: line 14:  4159 Abort trap: 6           python eval_parity.py --core "$CORE" --game "$GAME" --slot $slot --model "$model" --episodes $per --instance $((BASE+i)) > "$out" 2>&1
rebaseline_obsv2.sh: line 14:  4165 Abort trap: 6           python eval_parity.py --core "$CORE" --game "$GAME" --slot $slot --model "$model" --episodes $per --instance $((BASE+i)) > "$out" 2>&1
rebaseline_obsv2.sh: line 14:  4203 Abort trap: 6           python eval_parity.py --core "$CORE" --game "$GAME" --slot $slot --model "$model" --episodes $per --instance $((BASE+i)) > "$out" 2>&1
rebaseline_obsv2.sh: line 14:  4151 Abort trap: 6           python eval_parity.py --core "$CORE" --game "$GAME" --slot $slot --model "$model" --episodes $per --instance $((BASE+i)) > "$out" 2>&1
rebaseline_obsv2.sh: line 14:  4156 Abort trap: 6           python eval_parity.py --core "$CORE" --game "$GAME" --slot $slot --model "$model" --episodes $per --instance $((BASE+i)) > "$out" 2>&1
rebaseline_obsv2.sh: line 14:  4142 Abort trap: 6           python eval_parity.py --core "$CORE" --game "$GAME" --slot $slot --model "$model" --episodes $per --instance $((BASE+i)) > "$out" 2>&1
rebaseline_obsv2.sh: line 14:  4166 Abort trap: 6           python eval_parity.py --core "$CORE" --game "$GAME" --slot $slot --model "$model" --episodes $per --instance $((BASE+i)) > "$out" 2>&1
rebaseline_obsv2.sh: line 14:  4191 Abort trap: 6           python eval_parity.py --core "$CORE" --game "$GAME" --slot $slot --model "$model" --episodes $per --instance $((BASE+i)) > "$out" 2>&1
rebaseline_obsv2.sh: line 14:  4193 Abort trap: 6           python eval_parity.py --core "$CORE" --game "$GAME" --slot $slot --model "$model" --episodes $per --instance $((BASE+i)) > "$out" 2>&1
rebaseline_obsv2.sh: line 14:  4196 Abort trap: 6           python eval_parity.py --core "$CORE" --game "$GAME" --slot $slot --model "$model" --episodes $per --instance $((BASE+i)) > "$out" 2>&1
merged 10 shards -> receipts/rebase_v2_champ_slot3_out.txt: 26W/474L/0T n=500 Wilson [4-8]
rebaseline_obsv2.sh: line 14:  5234 Abort trap: 6           python eval_parity.py --core "$CORE" --game "$GAME" --slot $slot --model "$model" --episodes $per --instance $((BASE+i)) > "$out" 2>&1
rebaseline_obsv2.sh: line 14:  5247 Abort trap: 6           python eval_parity.py --core "$CORE" --game "$GAME" --slot $slot --model "$model" --episodes $per --instance $((BASE+i)) > "$out" 2>&1
rebaseline_obsv2.sh: line 14:  5221 Abort trap: 6           python eval_parity.py --core "$CORE" --game "$GAME" --slot $slot --model "$model" --episodes $per --instance $((BASE+i)) > "$out" 2>&1
rebaseline_obsv2.sh: line 14:  5245 Abort trap: 6           python eval_parity.py --core "$CORE" --game "$GAME" --slot $slot --model "$model" --episodes $per --instance $((BASE+i)) > "$out" 2>&1
rebaseline_obsv2.sh: line 14:  5239 Abort trap: 6           python eval_parity.py --core "$CORE" --game "$GAME" --slot $slot --model "$model" --episodes $per --instance $((BASE+i)) > "$out" 2>&1
rebaseline_obsv2.sh: line 14:  5252 Abort trap: 6           python eval_parity.py --core "$CORE" --game "$GAME" --slot $slot --model "$model" --episodes $per --instance $((BASE+i)) > "$out" 2>&1
rebaseline_obsv2.sh: line 14:  5262 Abort trap: 6           python eval_parity.py --core "$CORE" --game "$GAME" --slot $slot --model "$model" --episodes $per --instance $((BASE+i)) > "$out" 2>&1
rebaseline_obsv2.sh: line 14:  5261 Abort trap: 6           python eval_parity.py --core "$CORE" --game "$GAME" --slot $slot --model "$model" --episodes $per --instance $((BASE+i)) > "$out" 2>&1
rebaseline_obsv2.sh: line 14:  5256 Abort trap: 6           python eval_parity.py --core "$CORE" --game "$GAME" --slot $slot --model "$model" --episodes $per --instance $((BASE+i)) > "$out" 2>&1
rebaseline_obsv2.sh: line 14:  5258 Abort trap: 6           python eval_parity.py --core "$CORE" --game "$GAME" --slot $slot --model "$model" --episodes $per --instance $((BASE+i)) > "$out" 2>&1
merged 10 shards -> receipts/rebase_v2_champ_slot2_out.txt: 228W/22L/0T n=250 Wilson [87-94]
rebaseline end Sun Sep 13 15:34:54 PDT 2026
== leg25_slot3
model=powerstone_v6_leg25_league.zip  slot=3  n=500  mode=deterministic  distinct-outcome-tuples~473  shards=10x50
win% :   3.2   (16W/484L/0T)   95% Wilson [2-5]
picks:  3.42 /ep
== leg25_slot2
model=powerstone_v6_leg25_league.zip  slot=2  n=250  mode=deterministic  distinct-outcome-tuples~215  shards=10x25
win% :  88.0   (220W/30L/0T)   95% Wilson [83-91]
picks:  9.71 /ep
== champ_slot3
model=powerstone_v6_ppo.zip  slot=3  n=500  mode=deterministic  distinct-outcome-tuples~487  shards=10x50
win% :   5.2   (26W/474L/0T)   95% Wilson [4-8]
picks:  4.21 /ep
== champ_slot2
model=powerstone_v6_ppo.zip  slot=2  n=250  mode=deterministic  distinct-outcome-tuples~214  shards=10x25
win% :  91.2   (228W/22L/0T)   95% Wilson [87-94]
picks:  9.16 /ep
